// Jest Snapshot v1, https://goo.gl/fbAQLP

exports[`Pruebas en <DashboardRoutes /> debe mostrarse correctamente 1`] = `
Array [
  <nav
    className="navbar navbar-expand-sm navbar-dark bg-dark"
  >
    <a
      className="navbar-brand"
      href="/"
      onClick={[Function]}
    >
      HeroesApp
    </a>
    <div
      className="navbar-collapse"
    >
      <div
        className="navbar-nav"
      >
        <a
          aria-current="page"
          className="nav-item nav-link active"
          href="/marvel"
          onClick={[Function]}
          style={Object {}}
        >
          Marvel
        </a>
        <a
          aria-current={null}
          className="nav-item nav-link"
          href="/dc"
          onClick={[Function]}
        >
          DC
        </a>
        <a
          aria-current={null}
          className="nav-item nav-link"
          href="/search"
          onClick={[Function]}
        >
          Buscador
        </a>
      </div>
    </div>
    <div
      className="navbar-collapse collapse w-100 order-3 dual-collapse2"
    >
      <ul
        className="navbar-nav ml-auto"
      >
        <span
          className="nav-item nav-link text-info"
        >
          Fulano
        </span>
        <button
          className="nav-item nav-link btn"
          onClick={[Function]}
        >
          Logout
        </button>
      </ul>
    </div>
  </nav>,
  <div
    className="container mt-4"
  >
    <div>
      <h1>
        Marvel Screen
      </h1>
      <hr />
      <div
        className="card-columns animate__animated animate__fadeIn"
      >
        <div
          className="card ms-3"
          style={
            Object {
              "maxWidth": 540,
            }
          }
        >
          <div
            className="row no-gutters"
          >
            <div
              className="col-md-4"
            >
              <img
                alt="Spider Man"
                className="card-img"
                src="./assets/heroes/marvel-spider.jpg"
              />
            </div>
            <div
              className="col-md-8"
            >
              <div
                className="card-body"
              >
                <h5
                  className="card-title"
                >
                  Spider Man
                </h5>
                <p
                  className="card-text text-small text-muted"
                >
                  Peter Parker
                </p>
                <a
                  href="/heroe/marvel-spider"
                  onClick={[Function]}
                >
                  Mas...
                </a>
              </div>
            </div>
          </div>
        </div>
        <div
          className="card ms-3"
          style={
            Object {
              "maxWidth": 540,
            }
          }
        >
          <div
            className="row no-gutters"
          >
            <div
              className="col-md-4"
            >
              <img
                alt="Captain America"
                className="card-img"
                src="./assets/heroes/marvel-captain.jpg"
              />
            </div>
            <div
              className="col-md-8"
            >
              <div
                className="card-body"
              >
                <h5
                  className="card-title"
                >
                  Captain America
                </h5>
                <p
                  className="card-text text-small text-muted"
                >
                  Steve Rogers
                </p>
                <a
                  href="/heroe/marvel-captain"
                  onClick={[Function]}
                >
                  Mas...
                </a>
              </div>
            </div>
          </div>
        </div>
        <div
          className="card ms-3"
          style={
            Object {
              "maxWidth": 540,
            }
          }
        >
          <div
            className="row no-gutters"
          >
            <div
              className="col-md-4"
            >
              <img
                alt="Iron Man"
                className="card-img"
                src="./assets/heroes/marvel-iron.jpg"
              />
            </div>
            <div
              className="col-md-8"
            >
              <div
                className="card-body"
              >
                <h5
                  className="card-title"
                >
                  Iron Man
                </h5>
                <p
                  className="card-text text-small text-muted"
                >
                  Tony Stark
                </p>
                <a
                  href="/heroe/marvel-iron"
                  onClick={[Function]}
                >
                  Mas...
                </a>
              </div>
            </div>
          </div>
        </div>
        <div
          className="card ms-3"
          style={
            Object {
              "maxWidth": 540,
            }
          }
        >
          <div
            className="row no-gutters"
          >
            <div
              className="col-md-4"
            >
              <img
                alt="Thor"
                className="card-img"
                src="./assets/heroes/marvel-thor.jpg"
              />
            </div>
            <div
              className="col-md-8"
            >
              <div
                className="card-body"
              >
                <h5
                  className="card-title"
                >
                  Thor
                </h5>
                <p
                  className="card-text text-small text-muted"
                >
                  Thor Odinson
                </p>
                <a
                  href="/heroe/marvel-thor"
                  onClick={[Function]}
                >
                  Mas...
                </a>
              </div>
            </div>
          </div>
        </div>
        <div
          className="card ms-3"
          style={
            Object {
              "maxWidth": 540,
            }
          }
        >
          <div
            className="row no-gutters"
          >
            <div
              className="col-md-4"
            >
              <img
                alt="Hulk"
                className="card-img"
                src="./assets/heroes/marvel-hulk.jpg"
              />
            </div>
            <div
              className="col-md-8"
            >
              <div
                className="card-body"
              >
                <h5
                  className="card-title"
                >
                  Hulk
                </h5>
                <p
                  className="card-text text-small text-muted"
                >
                  Bruce Banner
                </p>
                <a
                  href="/heroe/marvel-hulk"
                  onClick={[Function]}
                >
                  Mas...
                </a>
              </div>
            </div>
          </div>
        </div>
        <div
          className="card ms-3"
          style={
            Object {
              "maxWidth": 540,
            }
          }
        >
          <div
            className="row no-gutters"
          >
            <div
              className="col-md-4"
            >
              <img
                alt="Wolverine"
                className="card-img"
                src="./assets/heroes/marvel-wolverine.jpg"
              />
            </div>
            <div
              className="col-md-8"
            >
              <div
                className="card-body"
              >
                <h5
                  className="card-title"
                >
                  Wolverine
                </h5>
                <p
                  className="card-text text-small text-muted"
                >
                  James Howlett
                </p>
                <a
                  href="/heroe/marvel-wolverine"
                  onClick={[Function]}
                >
                  Mas...
                </a>
              </div>
            </div>
          </div>
        </div>
        <div
          className="card ms-3"
          style={
            Object {
              "maxWidth": 540,
            }
          }
        >
          <div
            className="row no-gutters"
          >
            <div
              className="col-md-4"
            >
              <img
                alt="Daredevil"
                className="card-img"
                src="./assets/heroes/marvel-daredevil.jpg"
              />
            </div>
            <div
              className="col-md-8"
            >
              <div
                className="card-body"
              >
                <h5
                  className="card-title"
                >
                  Daredevil
                </h5>
                <p
                  className="card-text text-small text-muted"
                >
                  Matthew Michael Murdock
                </p>
                <a
                  href="/heroe/marvel-daredevil"
                  onClick={[Function]}
                >
                  Mas...
                </a>
              </div>
            </div>
          </div>
        </div>
        <div
          className="card ms-3"
          style={
            Object {
              "maxWidth": 540,
            }
          }
        >
          <div
            className="row no-gutters"
          >
            <div
              className="col-md-4"
            >
              <img
                alt="Hawkeye"
                className="card-img"
                src="./assets/heroes/marvel-hawkeye.jpg"
              />
            </div>
            <div
              className="col-md-8"
            >
              <div
                className="card-body"
              >
                <h5
                  className="card-title"
                >
                  Hawkeye
                </h5>
                <p
                  className="card-text text-small text-muted"
                >
                  Clinton Francis Barton
                </p>
                <a
                  href="/heroe/marvel-hawkeye"
                  onClick={[Function]}
                >
                  Mas...
                </a>
              </div>
            </div>
          </div>
        </div>
        <div
          className="card ms-3"
          style={
            Object {
              "maxWidth": 540,
            }
          }
        >
          <div
            className="row no-gutters"
          >
            <div
              className="col-md-4"
            >
              <img
                alt="Cyclops"
                className="card-img"
                src="./assets/heroes/marvel-cyclops.jpg"
              />
            </div>
            <div
              className="col-md-8"
            >
              <div
                className="card-body"
              >
                <h5
                  className="card-title"
                >
                  Cyclops
                </h5>
                <p
                  className="card-text text-small text-muted"
                >
                  Scott Summers
                </p>
                <a
                  href="/heroe/marvel-cyclops"
                  onClick={[Function]}
                >
                  Mas...
                </a>
              </div>
            </div>
          </div>
        </div>
        <div
          className="card ms-3"
          style={
            Object {
              "maxWidth": 540,
            }
          }
        >
          <div
            className="row no-gutters"
          >
            <div
              className="col-md-4"
            >
              <img
                alt="Silver Surfer"
                className="card-img"
                src="./assets/heroes/marvel-silver.jpg"
              />
            </div>
            <div
              className="col-md-8"
            >
              <div
                className="card-body"
              >
                <h5
                  className="card-title"
                >
                  Silver Surfer
                </h5>
                <p
                  className="card-text text-small text-muted"
                >
                  Norrin Radd
                </p>
                <a
                  href="/heroe/marvel-silver"
                  onClick={[Function]}
                >
                  Mas...
                </a>
              </div>
            </div>
          </div>
        </div>
      </div>
    </div>
  </div>,
]
`;
